// Jest Snapshot v1, https://goo.gl/fbAQLP

exports[`AccountAddCommand constructor should have valid schema 1`] = `
{
  "$id": "account/accountAdd-params",
  "properties": {
    "url": {
      "dataType": "string",
      "fieldNumber": 1,
      "maxLength": 70,
      "minLength": 23,
    },
  },
  "required": [
    "url",
  ],
  "title": "accountAddCommand transaction parameter for the account module",
  "type": "object",
}
`;
